// Jest Snapshot v1, https://goo.gl/fbAQLP

exports[`Cell Snapshot matches current snapshot 1`] = `
<body>
  <div>
    <div
      class="hex cell"
    />
    <div
      class="hex cell"
    >
      <div
        class="hex tile"
        draggable="true"
        style="--color: red;"
        title="fly"
      >
        <span>
          fly
        </span>
      </div>
    </div>
  </div>
  <div>
    <div
      class="hex cell"
    />
    <div
      class="hex cell"
    >
      <div
        class="hex tile"
        draggable="true"
        style="--color: red;"
        title="fly"
      >
        <span>
          fly
        </span>
      </div>
    </div>
  </div>
</body>
`;
