// Jest Snapshot v1, https://goo.gl/fbAQLP

exports[`Tile Snapshot matches current snapshot 1`] = `
<body>
  <div>
    <div
      class="hex tile"
      draggable="true"
      style="--color: #f64c72;"
      title="ant"
    >
      <span>
        ant
      </span>
    </div>
    <div
      class="hex tile"
      draggable="false"
      style="--color: #85dcbc;"
      title="fly"
    >
      <span>
        fly
      </span>
    </div>
  </div>
  <div>
    <div
      class="hex tile"
      draggable="true"
      style="--color: #f64c72;"
      title="ant"
    >
      <span>
        ant
      </span>
    </div>
    <div
      class="hex tile"
      draggable="false"
      style="--color: #85dcbc;"
      title="fly"
    >
      <span>
        fly
      </span>
    </div>
  </div>
</body>
`;
