// Jest Snapshot v1, https://goo.gl/fbAQLP

exports[`Tile Snapshot matches current snapshot 1`] = `
Array [
  <div
    className="hex tile"
    draggable={true}
    onDragEnd={[Function]}
    onDragStart={[Function]}
    onDrop={[Function]}
    style={
      Object {
        "--color": "#f64c72",
      }
    }
    title="ant"
  >
    <span>
      ant
    </span>
  </div>,
  <div
    className="hex tile"
    draggable={false}
    onDragEnd={[Function]}
    onDragStart={[Function]}
    onDrop={[Function]}
    style={
      Object {
        "--color": "#85dcbc",
      }
    }
    title="fly"
  >
    <span>
      fly
    </span>
  </div>,
]
`;
