// Jest Snapshot v1, https://goo.gl/fbAQLP

exports[`modal snapshot tests snapshot 1`] = `
<body>
  <div>
    <div
      class="modal"
      data-testid="modal"
    >
      <div
        class="test"
        role="dialog"
        title="test"
      >
        <button
          class="close"
          title="Close"
        >
          X
        </button>
      </div>
    </div>
  </div>
</body>
`;
