// Jest Snapshot v1, https://goo.gl/fbAQLP

exports[`PlayerList Tests snapshot 1`] = `
<body>
  <div>
    <aside
      class="players"
    >
      <div
        class="player player1"
        title="Player 1"
      >
        <div
          class="name"
        >
          Player 1
        </div>
        <div
          class="tiles"
        >
          <div
            class="player1 hex tile ant"
            draggable="true"
            tabindex="0"
            title="Player-1 ant"
          >
            <svg
              viewBox="0 0 100 100"
              xmlns="http://www.w3.org/2000/svg"
            >
              <use
                href="#hex"
              />
              <use
                class="creature"
                href="#ant"
              />
            </svg>
          </div>
          <div
            class="player0 hex tile fly"
            title="Player-0 fly"
          >
            <svg
              viewBox="0 0 100 100"
              xmlns="http://www.w3.org/2000/svg"
            >
              <use
                href="#hex"
              />
              <use
                class="creature"
                href="#fly"
              />
            </svg>
          </div>
          <div
            class="player0 hex tile fly"
            title="Player-0 fly"
          >
            <svg
              viewBox="0 0 100 100"
              xmlns="http://www.w3.org/2000/svg"
            >
              <use
                href="#hex"
              />
              <use
                class="creature"
                href="#fly"
              />
            </svg>
          </div>
        </div>
      </div>
      <div
        class="player player2"
        title="Player 2"
      >
        <div
          class="name"
        >
          Player 2
        </div>
        <div
          class="tiles"
        >
          <div
            class="player1 hex tile ant"
            draggable="true"
            tabindex="0"
            title="Player-1 ant"
          >
            <svg
              viewBox="0 0 100 100"
              xmlns="http://www.w3.org/2000/svg"
            >
              <use
                href="#hex"
              />
              <use
                class="creature"
                href="#ant"
              />
            </svg>
          </div>
        </div>
      </div>
    </aside>
  </div>
</body>
`;

exports[`playerList Tests snapshot 1`] = `
<body>
  <div>
    <aside
      class="players"
    >
      <div
        class="player player1"
        title="Player 1"
      >
        <div
          class="name"
        >
          Player 1
        </div>
        <div
          class="tiles"
        >
          <div
            class="player1 hex tile ant"
            draggable="true"
            tabindex="0"
            title="Player-1 ant"
          >
            <svg
              viewBox="0 0 100 100"
              xmlns="http://www.w3.org/2000/svg"
            >
              <use
                href="#hex"
              />
              <use
                class="creature"
                href="#ant"
              />
            </svg>
          </div>
          <div
            class="player0 hex tile fly"
            title="Player-0 fly"
          >
            <svg
              viewBox="0 0 100 100"
              xmlns="http://www.w3.org/2000/svg"
            >
              <use
                href="#hex"
              />
              <use
                class="creature"
                href="#fly"
              />
            </svg>
          </div>
          <div
            class="player0 hex tile fly"
            title="Player-0 fly"
          >
            <svg
              viewBox="0 0 100 100"
              xmlns="http://www.w3.org/2000/svg"
            >
              <use
                href="#hex"
              />
              <use
                class="creature"
                href="#fly"
              />
            </svg>
          </div>
        </div>
      </div>
      <div
        class="player player2"
        title="Player 2"
      >
        <div
          class="name"
        >
          Player 2
        </div>
        <div
          class="tiles"
        >
          <div
            class="player1 hex tile ant"
            draggable="true"
            tabindex="0"
            title="Player-1 ant"
          >
            <svg
              viewBox="0 0 100 100"
              xmlns="http://www.w3.org/2000/svg"
            >
              <use
                href="#hex"
              />
              <use
                class="creature"
                href="#ant"
              />
            </svg>
          </div>
        </div>
      </div>
    </aside>
  </div>
</body>
`;
