// Jest Snapshot v1, https://goo.gl/fbAQLP

exports[`Cell Cell Snapshot cell with no tile matches current snapshot 1`] = `
<div
  class="hex cell"
  tabindex="-1"
/>
`;

exports[`Cell Cell Snapshot cell with tile matches current snapshot 1`] = `
<div
  class="hex cell"
  tabindex="-1"
>
  <div
    class="hex tile"
    draggable="false"
    style="--color: black; fill: rgb(255 238 11 );"
    tabindex="-1"
    title="fly"
  >
    <svg
      xmlns="http://www.w3.org/2000/svg"
    >
      <use
        href="#fly"
      />
    </svg>
  </div>
</div>
`;
