// Jest Snapshot v1, https://goo.gl/fbAQLP

exports[`Cell Cell Snapshot cell with no tile matches current snapshot 1`] = `
<div
  class="hex cell"
/>
`;

exports[`Cell Cell Snapshot cell with tile matches current snapshot 1`] = `
<div
  class="hex cell"
>
  <div
    class="hex tile"
    draggable="false"
    style="--color: red;"
    title="fly"
  >
    <span>
      fly
    </span>
  </div>
</div>
`;

exports[`Cell Snapshot cell with no tile matches current snapshot 1`] = `
<div
  class="hex cell"
/>
`;

exports[`Cell Snapshot cell with tile matches current snapshot 1`] = `
<div
  class="hex cell"
>
  <div
    class="hex tile"
    draggable="false"
    style="--color: red;"
    title="fly"
  >
    <span>
      fly
    </span>
  </div>
</div>
`;

exports[`Cell tests Cell Snapshot cell with no tile matches current snapshot 1`] = `
<div
  class="hex cell"
/>
`;

exports[`Cell tests Cell Snapshot cell with tile matches current snapshot 1`] = `
<div
  class="hex cell"
>
  <div
    class="hex tile"
    draggable="false"
    style="--color: red;"
    title="fly"
  >
    <span>
      fly
    </span>
  </div>
</div>
`;
