// Jest Snapshot v1, https://goo.gl/fbAQLP

exports[`Player List PlayerList snapshot matches current snapshot 1`] = `
<div
  class="players"
>
  <div
    class="player"
    title="Player 1"
  >
    <a
      class="name"
      href="/game/33/1"
    >
      Player 1
      <svg
        height="2vh"
        width="2vw"
        xmlns="http://www.w3.org/2000/svg"
      >
        <use
          href="#share"
        />
      </svg>
    </a>
    <div
      class="tiles"
    >
      <div
        class="hex tile"
        draggable="true"
        style="--color: #f64c72;"
        title="ant"
      >
        <svg
          xmlns="http://www.w3.org/2000/svg"
        >
          <use
            href="#ant"
          />
        </svg>
      </div>
      <div
        class="hex tile"
        draggable="false"
        style="--color: #85dcbc;"
        title="fly"
      >
        <svg
          xmlns="http://www.w3.org/2000/svg"
        >
          <use
            href="#fly"
          />
        </svg>
      </div>
      <div
        class="hex tile"
        draggable="false"
        style="--color: #85dcbc;"
        title="fly"
      >
        <svg
          xmlns="http://www.w3.org/2000/svg"
        >
          <use
            href="#fly"
          />
        </svg>
      </div>
    </div>
  </div>
  <div
    class="player"
    title="Player 2"
  >
    <a
      class="name"
      href="/game/33/2"
    >
      Player 2
      <svg
        height="2vh"
        width="2vw"
        xmlns="http://www.w3.org/2000/svg"
      >
        <use
          href="#share"
        />
      </svg>
    </a>
    <div
      class="tiles"
    >
      <div
        class="hex tile"
        draggable="true"
        style="--color: #f64c72;"
        title="ant"
      >
        <svg
          xmlns="http://www.w3.org/2000/svg"
        >
          <use
            href="#ant"
          />
        </svg>
      </div>
    </div>
  </div>
</div>
`;
