// Jest Snapshot v1, https://goo.gl/fbAQLP

exports[`PlayerList Tests PlayerList snapshot matches current snapshot 1`] = `
<aside
  class="players"
>
  <div
    class="player player1"
    title="Player 1"
  >
    <div
      class="name"
    >
      Player 1
    </div>
    <div
      class="tiles"
    >
      <div
        class="player1 hex tile"
        draggable="true"
        tabindex="0"
        title="ant"
      >
        <svg
          viewBox="0 0 100 100"
          xmlns="http://www.w3.org/2000/svg"
        >
          <use
            href="#hex"
          />
          <use
            class="creature"
            href="#ant"
          />
        </svg>
      </div>
      <div
        class="player0 hex tile"
        draggable="false"
        title="fly"
      >
        <svg
          viewBox="0 0 100 100"
          xmlns="http://www.w3.org/2000/svg"
        >
          <use
            href="#hex"
          />
          <use
            class="creature"
            href="#fly"
          />
        </svg>
      </div>
      <div
        class="player0 hex tile"
        draggable="false"
        title="fly"
      >
        <svg
          viewBox="0 0 100 100"
          xmlns="http://www.w3.org/2000/svg"
        >
          <use
            href="#hex"
          />
          <use
            class="creature"
            href="#fly"
          />
        </svg>
      </div>
    </div>
  </div>
  <div
    class="player player2"
    title="Player 2"
  >
    <a
      class="name"
      href="/game/33/2"
      tabindex="-1"
    >
      Player 2
    </a>
    <div
      class="tiles"
    >
      <div
        class="player1 hex tile"
        draggable="true"
        tabindex="0"
        title="ant"
      >
        <svg
          viewBox="0 0 100 100"
          xmlns="http://www.w3.org/2000/svg"
        >
          <use
            href="#hex"
          />
          <use
            class="creature"
            href="#ant"
          />
        </svg>
      </div>
    </div>
  </div>
</aside>
`;
