// Jest Snapshot v1, https://goo.gl/fbAQLP

exports[`Row Tests Row snapshot tests Row snapshot 1`] = `
<div
  class="hex-row"
>
  <div
    class="hex cell"
  >
    <svg
      viewBox="0 0 100 100"
      xmlns="http://www.w3.org/2000/svg"
    >
      <use
        href="#hex"
      />
    </svg>
  </div>
  <div
    class="hex cell"
  >
    <svg
      viewBox="0 0 100 100"
      xmlns="http://www.w3.org/2000/svg"
    >
      <use
        href="#hex"
      />
    </svg>
  </div>
  
</div>
`;
