// Jest Snapshot v1, https://goo.gl/fbAQLP

exports[`Rules tests snapshot 1`] = `
<div
  class="modal"
>
  <div
    class="rules"
    role="dialog"
    title="rules"
  >
    <div
      class="menu"
    >
      <button
        title="Previous"
      >
        &lt;
      </button>
      <button
        title="Next"
      >
        &gt;
      </button>
    </div>
    <div
      class="left"
      role="grid"
    >
      <div
        role="row"
      >
        <div
          class="correct"
          role="cell"
        >
          <svg
            viewBox="0 0 100 100"
            xmlns="http://www.w3.org/2000/svg"
          >
            <use
              href="#hex"
            />
          </svg>
          <div
            class="tile"
          >
            <svg
              viewBox="0 0 100 100"
              xmlns="http://www.w3.org/2000/svg"
            >
              <use
                href="#hex"
              />
            </svg>
            <span>
              <span>
                ✓
              </span>
            </span>
          </div>
        </div>
        <div
          role="cell"
        >
          <svg
            viewBox="0 0 100 100"
            xmlns="http://www.w3.org/2000/svg"
          >
            <use
              href="#hex"
            />
          </svg>
          <div
            class="tile creature"
          >
            <svg
              viewBox="0 0 100 100"
              xmlns="http://www.w3.org/2000/svg"
            >
              <use
                href="#hex"
              />
              <use
                class="creature ant"
                href="#ant"
              />
            </svg>
            
          </div>
        </div>
        <div
          role="cell"
        >
          <svg
            viewBox="0 0 100 100"
            xmlns="http://www.w3.org/2000/svg"
          >
            <use
              href="#hex"
            />
          </svg>
          <div
            class="tile creature"
          >
            <svg
              viewBox="0 0 100 100"
              xmlns="http://www.w3.org/2000/svg"
            >
              <use
                href="#hex"
              />
              <use
                class="creature spider"
                href="#spider"
              />
            </svg>
            
          </div>
        </div>
        <div
          role="none"
        >
          <svg
            viewBox="0 0 100 100"
            xmlns="http://www.w3.org/2000/svg"
          >
            <use
              href="#hex"
            />
          </svg>
        </div>
      </div>
      <div
        class="start"
        role="row"
      >
        <div
          class="correct"
          role="cell"
        >
          <svg
            viewBox="0 0 100 100"
            xmlns="http://www.w3.org/2000/svg"
          >
            <use
              href="#hex"
            />
          </svg>
          <div
            class="tile"
          >
            <svg
              viewBox="0 0 100 100"
              xmlns="http://www.w3.org/2000/svg"
            >
              <use
                href="#hex"
              />
            </svg>
            <span>
              <span>
                ✓
              </span>
            </span>
          </div>
        </div>
        <div
          role="cell"
          style="z-index: 1;"
        >
          <svg
            viewBox="0 0 100 100"
            xmlns="http://www.w3.org/2000/svg"
          >
            <use
              href="#hex"
            />
          </svg>
          <div
            class="selected tile creature"
          >
            <svg
              viewBox="0 0 100 100"
              xmlns="http://www.w3.org/2000/svg"
            >
              <use
                href="#hex"
              />
              <use
                class="creature queen"
                href="#queen"
              />
            </svg>
            
          </div>
          <svg
            class="arrow topLeft correct"
            style="--span: 1;"
            viewBox="0 0 100 100"
            xmlns="http://www.w3.org/2000/svg"
          >
            <use
              href="#arrow"
            />
          </svg>
          <svg
            class="arrow left correct"
            style="--span: 1;"
            viewBox="0 0 100 100"
            xmlns="http://www.w3.org/2000/svg"
          >
            <use
              href="#arrow"
            />
          </svg>
          <svg
            class="arrow right correct"
            style="--span: 1;"
            viewBox="0 0 100 100"
            xmlns="http://www.w3.org/2000/svg"
          >
            <use
              href="#arrow"
            />
          </svg>
          <svg
            class="arrow bottomRight correct"
            style="--span: 1;"
            viewBox="0 0 100 100"
            xmlns="http://www.w3.org/2000/svg"
          >
            <use
              href="#arrow"
            />
          </svg>
        </div>
        <div
          class="correct"
          role="cell"
        >
          <svg
            viewBox="0 0 100 100"
            xmlns="http://www.w3.org/2000/svg"
          >
            <use
              href="#hex"
            />
          </svg>
          <div
            class="tile"
          >
            <svg
              viewBox="0 0 100 100"
              xmlns="http://www.w3.org/2000/svg"
            >
              <use
                href="#hex"
              />
            </svg>
            <span>
              <span>
                ✓
              </span>
            </span>
          </div>
        </div>
        <div
          role="cell"
        >
          <svg
            viewBox="0 0 100 100"
            xmlns="http://www.w3.org/2000/svg"
          >
            <use
              href="#hex"
            />
          </svg>
          <div
            class="tile creature"
          >
            <svg
              viewBox="0 0 100 100"
              xmlns="http://www.w3.org/2000/svg"
            >
              <use
                href="#hex"
              />
              <use
                class="creature spider"
                href="#spider"
              />
            </svg>
            
          </div>
        </div>
      </div>
      <div
        role="row"
      >
        <div
          role="cell"
        >
          <svg
            viewBox="0 0 100 100"
            xmlns="http://www.w3.org/2000/svg"
          >
            <use
              href="#hex"
            />
          </svg>
          <div
            class="tile creature"
          >
            <svg
              viewBox="0 0 100 100"
              xmlns="http://www.w3.org/2000/svg"
            >
              <use
                href="#hex"
              />
              <use
                class="creature grasshopper"
                href="#grasshopper"
              />
            </svg>
            
          </div>
        </div>
        <div
          class="correct"
          role="cell"
        >
          <svg
            viewBox="0 0 100 100"
            xmlns="http://www.w3.org/2000/svg"
          >
            <use
              href="#hex"
            />
          </svg>
          <div
            class="tile"
          >
            <svg
              viewBox="0 0 100 100"
              xmlns="http://www.w3.org/2000/svg"
            >
              <use
                href="#hex"
              />
            </svg>
            <span>
              <span>
                ✓
              </span>
            </span>
          </div>
        </div>
        <div
          role="cell"
        >
          <svg
            viewBox="0 0 100 100"
            xmlns="http://www.w3.org/2000/svg"
          >
            <use
              href="#hex"
            />
          </svg>
          <div
            class="tile creature"
          >
            <svg
              viewBox="0 0 100 100"
              xmlns="http://www.w3.org/2000/svg"
            >
              <use
                href="#hex"
              />
              <use
                class="creature queen"
                href="#queen"
              />
            </svg>
            
          </div>
        </div>
        <div
          role="cell"
        >
          <svg
            viewBox="0 0 100 100"
            xmlns="http://www.w3.org/2000/svg"
          >
            <use
              href="#hex"
            />
          </svg>
          <div
            class="tile creature"
          >
            <svg
              viewBox="0 0 100 100"
              xmlns="http://www.w3.org/2000/svg"
            >
              <use
                href="#hex"
              />
              <use
                class="creature beetle"
                href="#beetle"
              />
            </svg>
            
          </div>
        </div>
      </div>
      <div
        role="row"
      >
        <div
          role="none"
        >
          <svg
            viewBox="0 0 100 100"
            xmlns="http://www.w3.org/2000/svg"
          >
            <use
              href="#hex"
            />
          </svg>
        </div>
        <div
          role="cell"
        >
          <svg
            viewBox="0 0 100 100"
            xmlns="http://www.w3.org/2000/svg"
          >
            <use
              href="#hex"
            />
          </svg>
          <div
            class="tile creature"
          >
            <svg
              viewBox="0 0 100 100"
              xmlns="http://www.w3.org/2000/svg"
            >
              <use
                href="#hex"
              />
              <use
                class="creature grasshopper"
                href="#grasshopper"
              />
            </svg>
            
          </div>
        </div>
        <div
          role="cell"
        >
          <svg
            viewBox="0 0 100 100"
            xmlns="http://www.w3.org/2000/svg"
          >
            <use
              href="#hex"
            />
          </svg>
          <div
            class="tile creature"
          >
            <svg
              viewBox="0 0 100 100"
              xmlns="http://www.w3.org/2000/svg"
            >
              <use
                href="#hex"
              />
              <use
                class="creature ant"
                href="#ant"
              />
            </svg>
            
          </div>
        </div>
        <div
          role="cell"
        >
          <svg
            viewBox="0 0 100 100"
            xmlns="http://www.w3.org/2000/svg"
          >
            <use
              href="#hex"
            />
          </svg>
          <div
            class="tile creature"
          >
            <svg
              viewBox="0 0 100 100"
              xmlns="http://www.w3.org/2000/svg"
            >
              <use
                href="#hex"
              />
              <use
                class="creature beetle"
                href="#beetle"
              />
            </svg>
            
          </div>
        </div>
      </div>
    </div>
    <button
      title="Close"
    >
      Close
    </button>
  </div>
</div>
`;
