// Jest Snapshot v1, https://goo.gl/fbAQLP

exports[`Rules tests snapshot 1`] = `
<div
  class="modal"
>
  <div
    class="rules"
    role="dialog"
    title="rules"
  >
    <div
      class="menu"
    >
      <button
        title="Previous"
      >
        &lt;
      </button>
      <button
        title="Next"
      >
        &gt;
      </button>
    </div>
    <div
      class="right"
      role="grid"
    >
      <div
        role="row"
      >
        <div
          role="none"
        >
          <svg
            viewBox="0 0 100 100"
            xmlns="http://www.w3.org/2000/svg"
          >
            <use
              href="#hex"
            />
          </svg>
        </div>
        <div
          role="cell"
        >
          <svg
            viewBox="0 0 100 100"
            xmlns="http://www.w3.org/2000/svg"
          >
            <use
              href="#hex"
            />
          </svg>
          <div
            class="tile ant"
          >
            <svg
              viewBox="0 0 100 100"
              xmlns="http://www.w3.org/2000/svg"
            >
              <use
                href="#hex"
              />
              <use
                class="creature"
                href="#ant"
              />
            </svg>
            
          </div>
        </div>
        <div
          role="cell"
        >
          <svg
            viewBox="0 0 100 100"
            xmlns="http://www.w3.org/2000/svg"
          >
            <use
              href="#hex"
            />
          </svg>
          <div
            class="tile grasshopper"
          >
            <svg
              viewBox="0 0 100 100"
              xmlns="http://www.w3.org/2000/svg"
            >
              <use
                href="#hex"
              />
              <use
                class="creature"
                href="#grasshopper"
              />
            </svg>
            
          </div>
        </div>
      </div>
      <div
        role="row"
      >
        <div
          role="cell"
        >
          <svg
            viewBox="0 0 100 100"
            xmlns="http://www.w3.org/2000/svg"
          >
            <use
              href="#hex"
            />
          </svg>
          <div
            class="tile spider"
          >
            <svg
              viewBox="0 0 100 100"
              xmlns="http://www.w3.org/2000/svg"
            >
              <use
                href="#hex"
              />
              <use
                class="creature"
                href="#spider"
              />
            </svg>
            
          </div>
        </div>
        <div
          role="cell"
        >
          <svg
            viewBox="0 0 100 100"
            xmlns="http://www.w3.org/2000/svg"
          >
            <use
              href="#hex"
            />
          </svg>
          <div
            class="tile queen"
          >
            <svg
              viewBox="0 0 100 100"
              xmlns="http://www.w3.org/2000/svg"
            >
              <use
                href="#hex"
              />
              <use
                class="creature"
                href="#queen"
              />
            </svg>
            
          </div>
        </div>
        <div
          role="cell"
        >
          <svg
            viewBox="0 0 100 100"
            xmlns="http://www.w3.org/2000/svg"
          >
            <use
              href="#hex"
            />
          </svg>
          <div
            class="tile beetle"
          >
            <svg
              viewBox="0 0 100 100"
              xmlns="http://www.w3.org/2000/svg"
            >
              <use
                href="#hex"
              />
              <use
                class="creature"
                href="#beetle"
              />
            </svg>
            
          </div>
        </div>
      </div>
      <div
        role="row"
      >
        <div
          role="none"
        >
          <svg
            viewBox="0 0 100 100"
            xmlns="http://www.w3.org/2000/svg"
          >
            <use
              href="#hex"
            />
          </svg>
        </div>
        <div
          role="cell"
        >
          <svg
            viewBox="0 0 100 100"
            xmlns="http://www.w3.org/2000/svg"
          >
            <use
              href="#hex"
            />
          </svg>
          <div
            class="tile ant"
          >
            <svg
              viewBox="0 0 100 100"
              xmlns="http://www.w3.org/2000/svg"
            >
              <use
                href="#hex"
              />
              <use
                class="creature"
                href="#ant"
              />
            </svg>
            
          </div>
        </div>
        <div
          role="cell"
        >
          <svg
            viewBox="0 0 100 100"
            xmlns="http://www.w3.org/2000/svg"
          >
            <use
              href="#hex"
            />
          </svg>
          <div
            class="tile grasshopper"
          >
            <svg
              viewBox="0 0 100 100"
              xmlns="http://www.w3.org/2000/svg"
            >
              <use
                href="#hex"
              />
              <use
                class="creature"
                href="#grasshopper"
              />
            </svg>
            
          </div>
        </div>
      </div>
    </div>
    <caption>
      The first player to have a surrounded queen loses.
      <br />
       New creatures entering the game can only touch friendly creatures.
    </caption>
  </div>
</div>
`;
