// Vitest Snapshot v1, https://vitest.dev/guide/snapshot.html

exports[`<Links> snapshots > matches 1`] = `
<nav>
  <a
    href="http://localhost:3000/game/123A/1"
    name="Share game to opponent"
    title="Share"
  >
    <svg
      viewBox="0 0 100 100"
      xmlns="http://www.w3.org/2000/svg"
    >
      <use
        href="#share"
      />
    </svg>
  </a>
  <a
    href="/"
    name="New game!"
    title="New Game"
  >
    <svg
      viewBox="0 0 100 100"
      xmlns="http://www.w3.org/2000/svg"
    >
      <use
        href="#new"
      />
    </svg>
  </a>
  <button
    name="Show rules"
    title="Rules"
  >
    <svg
      viewBox="0 0 100 100"
      xmlns="http://www.w3.org/2000/svg"
    >
      <use
        href="#rules"
      />
    </svg>
  </button>
  <button
    name="Toggle Ai"
    title="Toggle Ai"
  >
    <svg
      viewBox="0 0 100 100"
      xmlns="http://www.w3.org/2000/svg"
    >
      <use
        href="#ai"
      />
    </svg>
  </button>
  <a
    class="github"
    href="https://github.com/SpiralLogic/hive"
    title="Source code"
  >
    <svg
      viewBox="0 0 100 100"
      xmlns="http://www.w3.org/2000/svg"
    >
      <use
        href="#github"
      />
    </svg>
  </a>
</nav>
`;
