// Jest Snapshot v1, https://goo.gl/fbAQLP

exports[`<PlayerConnected> snapshot 1`] = `
<body>
  <div>
    <p>
      Player has 
      disconnected
      !
    </p>
  </div>
</body>
`;

exports[`player connected snapshot tests snapshot 1`] = `
<body>
  <div>
    <p>
      Player has 
      disconnected
      !
    </p>
  </div>
</body>
`;
