// Jest Snapshot v1, https://goo.gl/fbAQLP

exports[`<Player> snapshot 1`] = `
<div
  class="player player1"
  title="Player 1"
>
  <div
    class="name"
  >
    Player 1
  </div>
  <div
    class="tiles"
  >
    <div
      class="player1 hex tile thing"
      title="Player-1 thing"
    >
      <svg
        viewBox="0 0 100 100"
        xmlns="http://www.w3.org/2000/svg"
      >
        <use
          href="#hex"
        />
        <use
          class="creature"
          href="#thing"
        />
      </svg>
    </div>
  </div>
</div>
`;

exports[`player Tests snapshot 1`] = `
<div
  class="player player1"
  title="Player 1"
>
  <div
    class="name"
  >
    Player 1
  </div>
  <div
    class="tiles"
  >
    <div
      class="player1 hex tile thing"
      title="Player-1 thing"
    >
      <svg
        viewBox="0 0 100 100"
        xmlns="http://www.w3.org/2000/svg"
      >
        <use
          href="#hex"
        />
        <use
          class="creature"
          href="#thing"
        />
      </svg>
    </div>
  </div>
</div>
`;
