// Jest Snapshot v1, https://goo.gl/fbAQLP

exports[`Game area shows board after fetch 1`] = `
<div
  className="hive"
  style={
    Object {
      "--hex-size": "50px",
    }
  }
>
  <div
    className="players"
  />
  <div
    className="hextille"
    data-shift="left"
  >
    <div
      className="hex-row"
    >
      <div
        className="hidden"
      />
      <div
        className="hex cell"
        data-coords="1,1"
        onDragEnter={[Function]}
        onDragLeave={[Function]}
        onDragOver={[Function]}
        onDrop={[Function]}
      />
    </div>
  </div>
</div>
`;

exports[`Game area shows initial loading 1`] = `
<h1>
  loading
</h1>
`;
